W0805 03:11:08.526000 28324 .gguf_venv\Lib\site-packages\torch\distributed\elastic\multiprocessing\redirects.py:29] NOTE: Redirects are currently not supported in Windows or MacOs.
INFO:     Started server process [28324]
INFO:     Waiting for application startup.
INFO:     Application startup complete.
INFO:     Uvicorn running on http://127.0.0.1:8000 (Press CTRL+C to quit)
INFO:     127.0.0.1:62485 - "GET /health HTTP/1.1" 200 OK
INFO:     127.0.0.1:62485 - "GET /health HTTP/1.1" 200 OK
INFO:     127.0.0.1:56621 - "GET /health HTTP/1.1" 200 OK
INFO:     127.0.0.1:56621 - "OPTIONS /api/v1/chat/ HTTP/1.1" 200 OK
2026-08-05 03:11:23,812 [INFO] sentence_transformers.SentenceTransformer: Use pytorch device_name: cuda
2026-08-05 03:11:23,813 [INFO] sentence_transformers.SentenceTransformer: Load pretrained SentenceTransformer: paraphrase-multilingual-MiniLM-L12-v2
2026-08-05 03:11:34,984 [ERROR] root: Unhandled error
Traceback (most recent call last):
  File "C:\Users\oussa\Documents\optimized_elearning_platform\.gguf_venv\Lib\site-packages\starlette\middleware\errors.py", line 165, in __call__
    await self.app(scope, receive, _send)
  File "C:\Users\oussa\Documents\optimized_elearning_platform\.gguf_venv\Lib\site-packages\starlette\middleware\cors.py", line 93, in __call__
    await self.simple_response(scope, receive, send, request_headers=headers)
  File "C:\Users\oussa\Documents\optimized_elearning_platform\.gguf_venv\Lib\site-packages\starlette\middleware\cors.py", line 144, in simple_response
    await self.app(scope, receive, send)
  File "C:\Users\oussa\Documents\optimized_elearning_platform\.gguf_venv\Lib\site-packages\starlette\middleware\exceptions.py", line 62, in __call__
    await wrap_app_handling_exceptions(self.app, conn)(scope, receive, send)
  File "C:\Users\oussa\Documents\optimized_elearning_platform\.gguf_venv\Lib\site-packages\starlette\_exception_handler.py", line 62, in wrapped_app
    raise exc
  File "C:\Users\oussa\Documents\optimized_elearning_platform\.gguf_venv\Lib\site-packages\starlette\_exception_handler.py", line 51, in wrapped_app
    await app(scope, receive, sender)
  File "C:\Users\oussa\Documents\optimized_elearning_platform\.gguf_venv\Lib\site-packages\starlette\routing.py", line 715, in __call__
    await self.middleware_stack(scope, receive, send)
  File "C:\Users\oussa\Documents\optimized_elearning_platform\.gguf_venv\Lib\site-packages\starlette\routing.py", line 735, in app
    await route.handle(scope, receive, send)
  File "C:\Users\oussa\Documents\optimized_elearning_platform\.gguf_venv\Lib\site-packages\starlette\routing.py", line 288, in handle
    await self.app(scope, receive, send)
  File "C:\Users\oussa\Documents\optimized_elearning_platform\.gguf_venv\Lib\site-packages\starlette\routing.py", line 76, in app
    await wrap_app_handling_exceptions(app, request)(scope, receive, send)
  File "C:\Users\oussa\Documents\optimized_elearning_platform\.gguf_venv\Lib\site-packages\starlette\_exception_handler.py", line 62, in wrapped_app
    raise exc
  File "C:\Users\oussa\Documents\optimized_elearning_platform\.gguf_venv\Lib\site-packages\starlette\_exception_handler.py", line 51, in wrapped_app
    await app(scope, receive, sender)
  File "C:\Users\oussa\Documents\optimized_elearning_platform\.gguf_venv\Lib\site-packages\starlette\routing.py", line 73, in app
    response = await f(request)
               ^^^^^^^^^^^^^^^^
  File "C:\Users\oussa\Documents\optimized_elearning_platform\.gguf_venv\Lib\site-packages\fastapi\routing.py", line 301, in app
    raw_response = await run_endpoint_function(
                   ^^^^^^^^^^^^^^^^^^^^^^^^^^^^
  File "C:\Users\oussa\Documents\optimized_elearning_platform\.gguf_venv\Lib\site-packages\fastapi\routing.py", line 214, in run_endpoint_function
    return await run_in_threadpool(dependant.call, **values)
           ^^^^^^^^^^^^^^^^^^^^^^^^^^^^^^^^^^^^^^^^^^^^^^^^^
  File "C:\Users\oussa\Documents\optimized_elearning_platform\.gguf_venv\Lib\site-packages\starlette\concurrency.py", line 39, in run_in_threadpool
    return await anyio.to_thread.run_sync(func, *args)
           ^^^^^^^^^^^^^^^^^^^^^^^^^^^^^^^^^^^^^^^^^^^
  File "C:\Users\oussa\Documents\optimized_elearning_platform\.gguf_venv\Lib\site-packages\anyio\to_thread.py", line 65, in run_sync
    return await get_async_backend().run_sync_in_worker_thread(
           ^^^^^^^^^^^^^^^^^^^^^^^^^^^^^^^^^^^^^^^^^^^^^^^^^^^^
  File "C:\Users\oussa\Documents\optimized_elearning_platform\.gguf_venv\Lib\site-packages\anyio\_backends\_asyncio.py", line 2641, in run_sync_in_worker_thread
    return await future
           ^^^^^^^^^^^^
  File "C:\Users\oussa\Documents\optimized_elearning_platform\.gguf_venv\Lib\site-packages\anyio\_backends\_asyncio.py", line 1033, in run
    result = context.run(func, *args)
             ^^^^^^^^^^^^^^^^^^^^^^^^
  File "C:\Users\oussa\Documents\optimized_elearning_platform\app\routers\chat.py", line 37, in chat
    context, sources = build_rag_context(
                       ^^^^^^^^^^^^^^^^^^
  File "C:\Users\oussa\Documents\optimized_elearning_platform\app\services\search.py", line 101, in build_rag_context
    chunks = search_similar_chunks(
             ^^^^^^^^^^^^^^^^^^^^^^
  File "C:\Users\oussa\Documents\optimized_elearning_platform\app\services\search.py", line 43, in search_similar_chunks
    embedding_model = load_embedding_model()
                      ^^^^^^^^^^^^^^^^^^^^^^
  File "C:\Users\oussa\Documents\optimized_elearning_platform\app\services\ingestion.py", line 71, in load_embedding_model
    print(f"Model loaded. Embedding dimension: {model.get_embedding_dimension()}")
                                                ^^^^^^^^^^^^^^^^^^^^^^^^^^^^^
  File "C:\Users\oussa\Documents\optimized_elearning_platform\.gguf_venv\Lib\site-packages\torch\nn\modules\module.py", line 1968, in __getattr__
    raise AttributeError(
AttributeError: 'SentenceTransformer' object has no attribute 'get_embedding_dimension'. Did you mean: 'get_sentence_embedding_dimension'?
Loading embedding model: paraphrase-multilingual-MiniLM-L12-v2
INFO:     127.0.0.1:56621 - "POST /api/v1/chat/ HTTP/1.1" 500 Internal Server Error
ERROR:    Exception in ASGI application
Traceback (most recent call last):
  File "C:\Users\oussa\Documents\optimized_elearning_platform\.gguf_venv\Lib\site-packages\uvicorn\protocols\http\httptools_impl.py", line 399, in run_asgi
    result = await app(  # type: ignore[func-returns-value]
             ^^^^^^^^^^^^^^^^^^^^^^^^^^^^^^^^^^^^^^^^^^^^^^
  File "C:\Users\oussa\Documents\optimized_elearning_platform\.gguf_venv\Lib\site-packages\uvicorn\middleware\proxy_headers.py", line 70, in __call__
    return await self.app(scope, receive, send)
           ^^^^^^^^^^^^^^^^^^^^^^^^^^^^^^^^^^^^
  File "C:\Users\oussa\Documents\optimized_elearning_platform\.gguf_venv\Lib\site-packages\fastapi\applications.py", line 1054, in __call__
    await super().__call__(scope, receive, send)
  File "C:\Users\oussa\Documents\optimized_elearning_platform\.gguf_venv\Lib\site-packages\starlette\applications.py", line 113, in __call__
    await self.middleware_stack(scope, receive, send)
  File "C:\Users\oussa\Documents\optimized_elearning_platform\.gguf_venv\Lib\site-packages\starlette\middleware\errors.py", line 187, in __call__
    raise exc
  File "C:\Users\oussa\Documents\optimized_elearning_platform\.gguf_venv\Lib\site-packages\starlette\middleware\errors.py", line 165, in __call__
    await self.app(scope, receive, _send)
  File "C:\Users\oussa\Documents\optimized_elearning_platform\.gguf_venv\Lib\site-packages\starlette\middleware\cors.py", line 93, in __call__
    await self.simple_response(scope, receive, send, request_headers=headers)
  File "C:\Users\oussa\Documents\optimized_elearning_platform\.gguf_venv\Lib\site-packages\starlette\middleware\cors.py", line 144, in simple_response
    await self.app(scope, receive, send)
  File "C:\Users\oussa\Documents\optimized_elearning_platform\.gguf_venv\Lib\site-packages\starlette\middleware\exceptions.py", line 62, in __call__
    await wrap_app_handling_exceptions(self.app, conn)(scope, receive, send)
  File "C:\Users\oussa\Documents\optimized_elearning_platform\.gguf_venv\Lib\site-packages\starlette\_exception_handler.py", line 62, in wrapped_app
    raise exc
  File "C:\Users\oussa\Documents\optimized_elearning_platform\.gguf_venv\Lib\site-packages\starlette\_exception_handler.py", line 51, in wrapped_app
    await app(scope, receive, sender)
  File "C:\Users\oussa\Documents\optimized_elearning_platform\.gguf_venv\Lib\site-packages\starlette\routing.py", line 715, in __call__
    await self.middleware_stack(scope, receive, send)
  File "C:\Users\oussa\Documents\optimized_elearning_platform\.gguf_venv\Lib\site-packages\starlette\routing.py", line 735, in app
    await route.handle(scope, receive, send)
  File "C:\Users\oussa\Documents\optimized_elearning_platform\.gguf_venv\Lib\site-packages\starlette\routing.py", line 288, in handle
    await self.app(scope, receive, send)
  File "C:\Users\oussa\Documents\optimized_elearning_platform\.gguf_venv\Lib\site-packages\starlette\routing.py", line 76, in app
    await wrap_app_handling_exceptions(app, request)(scope, receive, send)
  File "C:\Users\oussa\Documents\optimized_elearning_platform\.gguf_venv\Lib\site-packages\starlette\_exception_handler.py", line 62, in wrapped_app
    raise exc
  File "C:\Users\oussa\Documents\optimized_elearning_platform\.gguf_venv\Lib\site-packages\starlette\_exception_handler.py", line 51, in wrapped_app
    await app(scope, receive, sender)
  File "C:\Users\oussa\Documents\optimized_elearning_platform\.gguf_venv\Lib\site-packages\starlette\routing.py", line 73, in app
    response = await f(request)
               ^^^^^^^^^^^^^^^^
  File "C:\Users\oussa\Documents\optimized_elearning_platform\.gguf_venv\Lib\site-packages\fastapi\routing.py", line 301, in app
    raw_response = await run_endpoint_function(
                   ^^^^^^^^^^^^^^^^^^^^^^^^^^^^
  File "C:\Users\oussa\Documents\optimized_elearning_platform\.gguf_venv\Lib\site-packages\fastapi\routing.py", line 214, in run_endpoint_function
    return await run_in_threadpool(dependant.call, **values)
           ^^^^^^^^^^^^^^^^^^^^^^^^^^^^^^^^^^^^^^^^^^^^^^^^^
  File "C:\Users\oussa\Documents\optimized_elearning_platform\.gguf_venv\Lib\site-packages\starlette\concurrency.py", line 39, in run_in_threadpool
    return await anyio.to_thread.run_sync(func, *args)
           ^^^^^^^^^^^^^^^^^^^^^^^^^^^^^^^^^^^^^^^^^^^
  File "C:\Users\oussa\Documents\optimized_elearning_platform\.gguf_venv\Lib\site-packages\anyio\to_thread.py", line 65, in run_sync
    return await get_async_backend().run_sync_in_worker_thread(
           ^^^^^^^^^^^^^^^^^^^^^^^^^^^^^^^^^^^^^^^^^^^^^^^^^^^^
  File "C:\Users\oussa\Documents\optimized_elearning_platform\.gguf_venv\Lib\site-packages\anyio\_backends\_asyncio.py", line 2641, in run_sync_in_worker_thread
    return await future
           ^^^^^^^^^^^^
  File "C:\Users\oussa\Documents\optimized_elearning_platform\.gguf_venv\Lib\site-packages\anyio\_backends\_asyncio.py", line 1033, in run
    result = context.run(func, *args)
             ^^^^^^^^^^^^^^^^^^^^^^^^
  File "C:\Users\oussa\Documents\optimized_elearning_platform\app\routers\chat.py", line 37, in chat
    context, sources = build_rag_context(
                       ^^^^^^^^^^^^^^^^^^
  File "C:\Users\oussa\Documents\optimized_elearning_platform\app\services\search.py", line 101, in build_rag_context
    chunks = search_similar_chunks(
             ^^^^^^^^^^^^^^^^^^^^^^
  File "C:\Users\oussa\Documents\optimized_elearning_platform\app\services\search.py", line 43, in search_similar_chunks
    embedding_model = load_embedding_model()
                      ^^^^^^^^^^^^^^^^^^^^^^
  File "C:\Users\oussa\Documents\optimized_elearning_platform\app\services\ingestion.py", line 71, in load_embedding_model
    print(f"Model loaded. Embedding dimension: {model.get_embedding_dimension()}")
                                                ^^^^^^^^^^^^^^^^^^^^^^^^^^^^^
  File "C:\Users\oussa\Documents\optimized_elearning_platform\.gguf_venv\Lib\site-packages\torch\nn\modules\module.py", line 1968, in __getattr__
    raise AttributeError(
AttributeError: 'SentenceTransformer' object has no attribute 'get_embedding_dimension'. Did you mean: 'get_sentence_embedding_dimension'?
2026-08-05 03:11:38,925 [INFO] sentence_transformers.SentenceTransformer: Use pytorch device_name: cuda
2026-08-05 03:11:38,925 [INFO] sentence_transformers.SentenceTransformer: Load pretrained SentenceTransformer: paraphrase-multilingual-MiniLM-L12-v2
Loading embedding model: paraphrase-multilingual-MiniLM-L12-v2
INFO:     127.0.0.1:65519 - "GET /health HTTP/1.1" 200 OK
INFO:     127.0.0.1:65519 - "GET /health HTTP/1.1" 200 OK
INFO:     127.0.0.1:55540 - "GET /health HTTP/1.1" 200 OK
2026-08-05 03:11:48,003 [ERROR] root: Unhandled error
Traceback (most recent call last):
  File "C:\Users\oussa\Documents\optimized_elearning_platform\.gguf_venv\Lib\site-packages\starlette\middleware\errors.py", line 165, in __call__
    await self.app(scope, receive, _send)
  File "C:\Users\oussa\Documents\optimized_elearning_platform\.gguf_venv\Lib\site-packages\starlette\middleware\cors.py", line 93, in __call__
    await self.simple_response(scope, receive, send, request_headers=headers)
  File "C:\Users\oussa\Documents\optimized_elearning_platform\.gguf_venv\Lib\site-packages\starlette\middleware\cors.py", line 144, in simple_response
    await self.app(scope, receive, send)
  File "C:\Users\oussa\Documents\optimized_elearning_platform\.gguf_venv\Lib\site-packages\starlette\middleware\exceptions.py", line 62, in __call__
    await wrap_app_handling_exceptions(self.app, conn)(scope, receive, send)
  File "C:\Users\oussa\Documents\optimized_elearning_platform\.gguf_venv\Lib\site-packages\starlette\_exception_handler.py", line 62, in wrapped_app
    raise exc
  File "C:\Users\oussa\Documents\optimized_elearning_platform\.gguf_venv\Lib\site-packages\starlette\_exception_handler.py", line 51, in wrapped_app
    await app(scope, receive, sender)
  File "C:\Users\oussa\Documents\optimized_elearning_platform\.gguf_venv\Lib\site-packages\starlette\routing.py", line 715, in __call__
    await self.middleware_stack(scope, receive, send)
  File "C:\Users\oussa\Documents\optimized_elearning_platform\.gguf_venv\Lib\site-packages\starlette\routing.py", line 735, in app
    await route.handle(scope, receive, send)
  File "C:\Users\oussa\Documents\optimized_elearning_platform\.gguf_venv\Lib\site-packages\starlette\routing.py", line 288, in handle
    await self.app(scope, receive, send)
  File "C:\Users\oussa\Documents\optimized_elearning_platform\.gguf_venv\Lib\site-packages\starlette\routing.py", line 76, in app
    await wrap_app_handling_exceptions(app, request)(scope, receive, send)
  File "C:\Users\oussa\Documents\optimized_elearning_platform\.gguf_venv\Lib\site-packages\starlette\_exception_handler.py", line 62, in wrapped_app
    raise exc
  File "C:\Users\oussa\Documents\optimized_elearning_platform\.gguf_venv\Lib\site-packages\starlette\_exception_handler.py", line 51, in wrapped_app
    await app(scope, receive, sender)
  File "C:\Users\oussa\Documents\optimized_elearning_platform\.gguf_venv\Lib\site-packages\starlette\routing.py", line 73, in app
    response = await f(request)
               ^^^^^^^^^^^^^^^^
  File "C:\Users\oussa\Documents\optimized_elearning_platform\.gguf_venv\Lib\site-packages\fastapi\routing.py", line 301, in app
    raw_response = await run_endpoint_function(
                   ^^^^^^^^^^^^^^^^^^^^^^^^^^^^
  File "C:\Users\oussa\Documents\optimized_elearning_platform\.gguf_venv\Lib\site-packages\fastapi\routing.py", line 214, in run_endpoint_function
    return await run_in_threadpool(dependant.call, **values)
           ^^^^^^^^^^^^^^^^^^^^^^^^^^^^^^^^^^^^^^^^^^^^^^^^^
  File "C:\Users\oussa\Documents\optimized_elearning_platform\.gguf_venv\Lib\site-packages\starlette\concurrency.py", line 39, in run_in_threadpool
    return await anyio.to_thread.run_sync(func, *args)
           ^^^^^^^^^^^^^^^^^^^^^^^^^^^^^^^^^^^^^^^^^^^
  File "C:\Users\oussa\Documents\optimized_elearning_platform\.gguf_venv\Lib\site-packages\anyio\to_thread.py", line 65, in run_sync
    return await get_async_backend().run_sync_in_worker_thread(
           ^^^^^^^^^^^^^^^^^^^^^^^^^^^^^^^^^^^^^^^^^^^^^^^^^^^^
  File "C:\Users\oussa\Documents\optimized_elearning_platform\.gguf_venv\Lib\site-packages\anyio\_backends\_asyncio.py", line 2641, in run_sync_in_worker_thread
    return await future
           ^^^^^^^^^^^^
  File "C:\Users\oussa\Documents\optimized_elearning_platform\.gguf_venv\Lib\site-packages\anyio\_backends\_asyncio.py", line 1033, in run
    result = context.run(func, *args)
             ^^^^^^^^^^^^^^^^^^^^^^^^
  File "C:\Users\oussa\Documents\optimized_elearning_platform\app\routers\chat.py", line 37, in chat
    context, sources = build_rag_context(
                       ^^^^^^^^^^^^^^^^^^
  File "C:\Users\oussa\Documents\optimized_elearning_platform\app\services\search.py", line 101, in build_rag_context
    chunks = search_similar_chunks(
             ^^^^^^^^^^^^^^^^^^^^^^
  File "C:\Users\oussa\Documents\optimized_elearning_platform\app\services\search.py", line 43, in search_similar_chunks
    embedding_model = load_embedding_model()
                      ^^^^^^^^^^^^^^^^^^^^^^
  File "C:\Users\oussa\Documents\optimized_elearning_platform\app\services\ingestion.py", line 71, in load_embedding_model
    print(f"Model loaded. Embedding dimension: {model.get_embedding_dimension()}")
                                                ^^^^^^^^^^^^^^^^^^^^^^^^^^^^^
  File "C:\Users\oussa\Documents\optimized_elearning_platform\.gguf_venv\Lib\site-packages\torch\nn\modules\module.py", line 1968, in __getattr__
    raise AttributeError(
AttributeError: 'SentenceTransformer' object has no attribute 'get_embedding_dimension'. Did you mean: 'get_sentence_embedding_dimension'?
ERROR:    Exception in ASGI application
Traceback (most recent call last):
  File "C:\Users\oussa\Documents\optimized_elearning_platform\.gguf_venv\Lib\site-packages\uvicorn\protocols\http\httptools_impl.py", line 399, in run_asgi
    result = await app(  # type: ignore[func-returns-value]
             ^^^^^^^^^^^^^^^^^^^^^^^^^^^^^^^^^^^^^^^^^^^^^^
  File "C:\Users\oussa\Documents\optimized_elearning_platform\.gguf_venv\Lib\site-packages\uvicorn\middleware\proxy_headers.py", line 70, in __call__
    return await self.app(scope, receive, send)
           ^^^^^^^^^^^^^^^^^^^^^^^^^^^^^^^^^^^^
  File "C:\Users\oussa\Documents\optimized_elearning_platform\.gguf_venv\Lib\site-packages\fastapi\applications.py", line 1054, in __call__
    await super().__call__(scope, receive, send)
  File "C:\Users\oussa\Documents\optimized_elearning_platform\.gguf_venv\Lib\site-packages\starlette\applications.py", line 113, in __call__
    await self.middleware_stack(scope, receive, send)
  File "C:\Users\oussa\Documents\optimized_elearning_platform\.gguf_venv\Lib\site-packages\starlette\middleware\errors.py", line 187, in __call__
    raise exc
  File "C:\Users\oussa\Documents\optimized_elearning_platform\.gguf_venv\Lib\site-packages\starlette\middleware\errors.py", line 165, in __call__
    await self.app(scope, receive, _send)
  File "C:\Users\oussa\Documents\optimized_elearning_platform\.gguf_venv\Lib\site-packages\starlette\middleware\cors.py", line 93, in __call__
    await self.simple_response(scope, receive, send, request_headers=headers)
  File "C:\Users\oussa\Documents\optimized_elearning_platform\.gguf_venv\Lib\site-packages\starlette\middleware\cors.py", line 144, in simple_response
    await self.app(scope, receive, send)
  File "C:\Users\oussa\Documents\optimized_elearning_platform\.gguf_venv\Lib\site-packages\starlette\middleware\exceptions.py", line 62, in __call__
    await wrap_app_handling_exceptions(self.app, conn)(scope, receive, send)
  File "C:\Users\oussa\Documents\optimized_elearning_platform\.gguf_venv\Lib\site-packages\starlette\_exception_handler.py", line 62, in wrapped_app
    raise exc
  File "C:\Users\oussa\Documents\optimized_elearning_platform\.gguf_venv\Lib\site-packages\starlette\_exception_handler.py", line 51, in wrapped_app
    await app(scope, receive, sender)
  File "C:\Users\oussa\Documents\optimized_elearning_platform\.gguf_venv\Lib\site-packages\starlette\routing.py", line 715, in __call__
    await self.middleware_stack(scope, receive, send)
  File "C:\Users\oussa\Documents\optimized_elearning_platform\.gguf_venv\Lib\site-packages\starlette\routing.py", line 735, in app
    await route.handle(scope, receive, send)
  File "C:\Users\oussa\Documents\optimized_elearning_platform\.gguf_venv\Lib\site-packages\starlette\routing.py", line 288, in handle
    await self.app(scope, receive, send)
  File "C:\Users\oussa\Documents\optimized_elearning_platform\.gguf_venv\Lib\site-packages\starlette\routing.py", line 76, in app
    await wrap_app_handling_exceptions(app, request)(scope, receive, send)
  File "C:\Users\oussa\Documents\optimized_elearning_platform\.gguf_venv\Lib\site-packages\starlette\_exception_handler.py", line 62, in wrapped_app
    raise exc
  File "C:\Users\oussa\Documents\optimized_elearning_platform\.gguf_venv\Lib\site-packages\starlette\_exception_handler.py", line 51, in wrapped_app
    await app(scope, receive, sender)
  File "C:\Users\oussa\Documents\optimized_elearning_platform\.gguf_venv\Lib\site-packages\starlette\routing.py", line 73, in app
    response = await f(request)
               ^^^^^^^^^^^^^^^^
  File "C:\Users\oussa\Documents\optimized_elearning_platform\.gguf_venv\Lib\site-packages\fastapi\routing.py", line 301, in app
    raw_response = await run_endpoint_function(
                   ^^^^^^^^^^^^^^^^^^^^^^^^^^^^
  File "C:\Users\oussa\Documents\optimized_elearning_platform\.gguf_venv\Lib\site-packages\fastapi\routing.py", line 214, in run_endpoint_function
    return await run_in_threadpool(dependant.call, **values)
           ^^^^^^^^^^^^^^^^^^^^^^^^^^^^^^^^^^^^^^^^^^^^^^^^^
  File "C:\Users\oussa\Documents\optimized_elearning_platform\.gguf_venv\Lib\site-packages\starlette\concurrency.py", line 39, in run_in_threadpool
    return await anyio.to_thread.run_sync(func, *args)
           ^^^^^^^^^^^^^^^^^^^^^^^^^^^^^^^^^^^^^^^^^^^
  File "C:\Users\oussa\Documents\optimized_elearning_platform\.gguf_venv\Lib\site-packages\anyio\to_thread.py", line 65, in run_sync
    return await get_async_backend().run_sync_in_worker_thread(
           ^^^^^^^^^^^^^^^^^^^^^^^^^^^^^^^^^^^^^^^^^^^^^^^^^^^^
  File "C:\Users\oussa\Documents\optimized_elearning_platform\.gguf_venv\Lib\site-packages\anyio\_backends\_asyncio.py", line 2641, in run_sync_in_worker_thread
    return await future
           ^^^^^^^^^^^^
  File "C:\Users\oussa\Documents\optimized_elearning_platform\.gguf_venv\Lib\site-packages\anyio\_backends\_asyncio.py", line 1033, in run
    result = context.run(func, *args)
             ^^^^^^^^^^^^^^^^^^^^^^^^
  File "C:\Users\oussa\Documents\optimized_elearning_platform\app\routers\chat.py", line 37, in chat
    context, sources = build_rag_context(
                       ^^^^^^^^^^^^^^^^^^
  File "C:\Users\oussa\Documents\optimized_elearning_platform\app\services\search.py", line 101, in build_rag_context
    chunks = search_similar_chunks(
             ^^^^^^^^^^^^^^^^^^^^^^
  File "C:\Users\oussa\Documents\optimized_elearning_platform\app\services\search.py", line 43, in search_similar_chunks
    embedding_model = load_embedding_model()
                      ^^^^^^^^^^^^^^^^^^^^^^
  File "C:\Users\oussa\Documents\optimized_elearning_platform\app\services\ingestion.py", line 71, in load_embedding_model
    print(f"Model loaded. Embedding dimension: {model.get_embedding_dimension()}")
                                                ^^^^^^^^^^^^^^^^^^^^^^^^^^^^^
  File "C:\Users\oussa\Documents\optimized_elearning_platform\.gguf_venv\Lib\site-packages\torch\nn\modules\module.py", line 1968, in __getattr__
    raise AttributeError(
AttributeError: 'SentenceTransformer' object has no attribute 'get_embedding_dimension'. Did you mean: 'get_sentence_embedding_dimension'?
2026-08-05 03:11:48,045 [INFO] sentence_transformers.SentenceTransformer: Use pytorch device_name: cuda
2026-08-05 03:11:48,046 [INFO] sentence_transformers.SentenceTransformer: Load pretrained SentenceTransformer: paraphrase-multilingual-MiniLM-L12-v2
Loading embedding model: paraphrase-multilingual-MiniLM-L12-v2
INFO:     127.0.0.1:55541 - "GET /health HTTP/1.1" 200 OK
2026-08-05 03:11:57,168 [ERROR] root: Unhandled error
Traceback (most recent call last):
  File "C:\Users\oussa\Documents\optimized_elearning_platform\.gguf_venv\Lib\site-packages\starlette\middleware\errors.py", line 165, in __call__
    await self.app(scope, receive, _send)
  File "C:\Users\oussa\Documents\optimized_elearning_platform\.gguf_venv\Lib\site-packages\starlette\middleware\cors.py", line 93, in __call__
    await self.simple_response(scope, receive, send, request_headers=headers)
  File "C:\Users\oussa\Documents\optimized_elearning_platform\.gguf_venv\Lib\site-packages\starlette\middleware\cors.py", line 144, in simple_response
    await self.app(scope, receive, send)
  File "C:\Users\oussa\Documents\optimized_elearning_platform\.gguf_venv\Lib\site-packages\starlette\middleware\exceptions.py", line 62, in __call__
    await wrap_app_handling_exceptions(self.app, conn)(scope, receive, send)
  File "C:\Users\oussa\Documents\optimized_elearning_platform\.gguf_venv\Lib\site-packages\starlette\_exception_handler.py", line 62, in wrapped_app
    raise exc
  File "C:\Users\oussa\Documents\optimized_elearning_platform\.gguf_venv\Lib\site-packages\starlette\_exception_handler.py", line 51, in wrapped_app
    await app(scope, receive, sender)
  File "C:\Users\oussa\Documents\optimized_elearning_platform\.gguf_venv\Lib\site-packages\starlette\routing.py", line 715, in __call__
    await self.middleware_stack(scope, receive, send)
  File "C:\Users\oussa\Documents\optimized_elearning_platform\.gguf_venv\Lib\site-packages\starlette\routing.py", line 735, in app
    await route.handle(scope, receive, send)
  File "C:\Users\oussa\Documents\optimized_elearning_platform\.gguf_venv\Lib\site-packages\starlette\routing.py", line 288, in handle
    await self.app(scope, receive, send)
  File "C:\Users\oussa\Documents\optimized_elearning_platform\.gguf_venv\Lib\site-packages\starlette\routing.py", line 76, in app
    await wrap_app_handling_exceptions(app, request)(scope, receive, send)
  File "C:\Users\oussa\Documents\optimized_elearning_platform\.gguf_venv\Lib\site-packages\starlette\_exception_handler.py", line 62, in wrapped_app
    raise exc
  File "C:\Users\oussa\Documents\optimized_elearning_platform\.gguf_venv\Lib\site-packages\starlette\_exception_handler.py", line 51, in wrapped_app
    await app(scope, receive, sender)
  File "C:\Users\oussa\Documents\optimized_elearning_platform\.gguf_venv\Lib\site-packages\starlette\routing.py", line 73, in app
    response = await f(request)
               ^^^^^^^^^^^^^^^^
  File "C:\Users\oussa\Documents\optimized_elearning_platform\.gguf_venv\Lib\site-packages\fastapi\routing.py", line 301, in app
    raw_response = await run_endpoint_function(
                   ^^^^^^^^^^^^^^^^^^^^^^^^^^^^
  File "C:\Users\oussa\Documents\optimized_elearning_platform\.gguf_venv\Lib\site-packages\fastapi\routing.py", line 214, in run_endpoint_function
    return await run_in_threadpool(dependant.call, **values)
           ^^^^^^^^^^^^^^^^^^^^^^^^^^^^^^^^^^^^^^^^^^^^^^^^^
  File "C:\Users\oussa\Documents\optimized_elearning_platform\.gguf_venv\Lib\site-packages\starlette\concurrency.py", line 39, in run_in_threadpool
    return await anyio.to_thread.run_sync(func, *args)
           ^^^^^^^^^^^^^^^^^^^^^^^^^^^^^^^^^^^^^^^^^^^
  File "C:\Users\oussa\Documents\optimized_elearning_platform\.gguf_venv\Lib\site-packages\anyio\to_thread.py", line 65, in run_sync
    return await get_async_backend().run_sync_in_worker_thread(
           ^^^^^^^^^^^^^^^^^^^^^^^^^^^^^^^^^^^^^^^^^^^^^^^^^^^^
  File "C:\Users\oussa\Documents\optimized_elearning_platform\.gguf_venv\Lib\site-packages\anyio\_backends\_asyncio.py", line 2641, in run_sync_in_worker_thread
    return await future
           ^^^^^^^^^^^^
  File "C:\Users\oussa\Documents\optimized_elearning_platform\.gguf_venv\Lib\site-packages\anyio\_backends\_asyncio.py", line 1033, in run
    result = context.run(func, *args)
             ^^^^^^^^^^^^^^^^^^^^^^^^
  File "C:\Users\oussa\Documents\optimized_elearning_platform\app\routers\chat.py", line 37, in chat
    context, sources = build_rag_context(
                       ^^^^^^^^^^^^^^^^^^
  File "C:\Users\oussa\Documents\optimized_elearning_platform\app\services\search.py", line 101, in build_rag_context
    chunks = search_similar_chunks(
             ^^^^^^^^^^^^^^^^^^^^^^
  File "C:\Users\oussa\Documents\optimized_elearning_platform\app\services\search.py", line 43, in search_similar_chunks
    embedding_model = load_embedding_model()
                      ^^^^^^^^^^^^^^^^^^^^^^
  File "C:\Users\oussa\Documents\optimized_elearning_platform\app\services\ingestion.py", line 71, in load_embedding_model
    print(f"Model loaded. Embedding dimension: {model.get_embedding_dimension()}")
                                                ^^^^^^^^^^^^^^^^^^^^^^^^^^^^^
  File "C:\Users\oussa\Documents\optimized_elearning_platform\.gguf_venv\Lib\site-packages\torch\nn\modules\module.py", line 1968, in __getattr__
    raise AttributeError(
AttributeError: 'SentenceTransformer' object has no attribute 'get_embedding_dimension'. Did you mean: 'get_sentence_embedding_dimension'?
INFO:     127.0.0.1:55540 - "POST /api/v1/chat/ HTTP/1.1" 500 Internal Server Error
ERROR:    Exception in ASGI application
Traceback (most recent call last):
  File "C:\Users\oussa\Documents\optimized_elearning_platform\.gguf_venv\Lib\site-packages\uvicorn\protocols\http\httptools_impl.py", line 399, in run_asgi
    result = await app(  # type: ignore[func-returns-value]
             ^^^^^^^^^^^^^^^^^^^^^^^^^^^^^^^^^^^^^^^^^^^^^^
  File "C:\Users\oussa\Documents\optimized_elearning_platform\.gguf_venv\Lib\site-packages\uvicorn\middleware\proxy_headers.py", line 70, in __call__
    return await self.app(scope, receive, send)
           ^^^^^^^^^^^^^^^^^^^^^^^^^^^^^^^^^^^^
  File "C:\Users\oussa\Documents\optimized_elearning_platform\.gguf_venv\Lib\site-packages\fastapi\applications.py", line 1054, in __call__
    await super().__call__(scope, receive, send)
  File "C:\Users\oussa\Documents\optimized_elearning_platform\.gguf_venv\Lib\site-packages\starlette\applications.py", line 113, in __call__
    await self.middleware_stack(scope, receive, send)
  File "C:\Users\oussa\Documents\optimized_elearning_platform\.gguf_venv\Lib\site-packages\starlette\middleware\errors.py", line 187, in __call__
    raise exc
  File "C:\Users\oussa\Documents\optimized_elearning_platform\.gguf_venv\Lib\site-packages\starlette\middleware\errors.py", line 165, in __call__
    await self.app(scope, receive, _send)
  File "C:\Users\oussa\Documents\optimized_elearning_platform\.gguf_venv\Lib\site-packages\starlette\middleware\cors.py", line 93, in __call__
    await self.simple_response(scope, receive, send, request_headers=headers)
  File "C:\Users\oussa\Documents\optimized_elearning_platform\.gguf_venv\Lib\site-packages\starlette\middleware\cors.py", line 144, in simple_response
    await self.app(scope, receive, send)
  File "C:\Users\oussa\Documents\optimized_elearning_platform\.gguf_venv\Lib\site-packages\starlette\middleware\exceptions.py", line 62, in __call__
    await wrap_app_handling_exceptions(self.app, conn)(scope, receive, send)
  File "C:\Users\oussa\Documents\optimized_elearning_platform\.gguf_venv\Lib\site-packages\starlette\_exception_handler.py", line 62, in wrapped_app
    raise exc
  File "C:\Users\oussa\Documents\optimized_elearning_platform\.gguf_venv\Lib\site-packages\starlette\_exception_handler.py", line 51, in wrapped_app
    await app(scope, receive, sender)
  File "C:\Users\oussa\Documents\optimized_elearning_platform\.gguf_venv\Lib\site-packages\starlette\routing.py", line 715, in __call__
    await self.middleware_stack(scope, receive, send)
  File "C:\Users\oussa\Documents\optimized_elearning_platform\.gguf_venv\Lib\site-packages\starlette\routing.py", line 735, in app
    await route.handle(scope, receive, send)
  File "C:\Users\oussa\Documents\optimized_elearning_platform\.gguf_venv\Lib\site-packages\starlette\routing.py", line 288, in handle
    await self.app(scope, receive, send)
  File "C:\Users\oussa\Documents\optimized_elearning_platform\.gguf_venv\Lib\site-packages\starlette\routing.py", line 76, in app
    await wrap_app_handling_exceptions(app, request)(scope, receive, send)
  File "C:\Users\oussa\Documents\optimized_elearning_platform\.gguf_venv\Lib\site-packages\starlette\_exception_handler.py", line 62, in wrapped_app
    raise exc
  File "C:\Users\oussa\Documents\optimized_elearning_platform\.gguf_venv\Lib\site-packages\starlette\_exception_handler.py", line 51, in wrapped_app
    await app(scope, receive, sender)
  File "C:\Users\oussa\Documents\optimized_elearning_platform\.gguf_venv\Lib\site-packages\starlette\routing.py", line 73, in app
    response = await f(request)
               ^^^^^^^^^^^^^^^^
  File "C:\Users\oussa\Documents\optimized_elearning_platform\.gguf_venv\Lib\site-packages\fastapi\routing.py", line 301, in app
    raw_response = await run_endpoint_function(
                   ^^^^^^^^^^^^^^^^^^^^^^^^^^^^
  File "C:\Users\oussa\Documents\optimized_elearning_platform\.gguf_venv\Lib\site-packages\fastapi\routing.py", line 214, in run_endpoint_function
    return await run_in_threadpool(dependant.call, **values)
           ^^^^^^^^^^^^^^^^^^^^^^^^^^^^^^^^^^^^^^^^^^^^^^^^^
  File "C:\Users\oussa\Documents\optimized_elearning_platform\.gguf_venv\Lib\site-packages\starlette\concurrency.py", line 39, in run_in_threadpool
    return await anyio.to_thread.run_sync(func, *args)
           ^^^^^^^^^^^^^^^^^^^^^^^^^^^^^^^^^^^^^^^^^^^
  File "C:\Users\oussa\Documents\optimized_elearning_platform\.gguf_venv\Lib\site-packages\anyio\to_thread.py", line 65, in run_sync
    return await get_async_backend().run_sync_in_worker_thread(
           ^^^^^^^^^^^^^^^^^^^^^^^^^^^^^^^^^^^^^^^^^^^^^^^^^^^^
  File "C:\Users\oussa\Documents\optimized_elearning_platform\.gguf_venv\Lib\site-packages\anyio\_backends\_asyncio.py", line 2641, in run_sync_in_worker_thread
    return await future
           ^^^^^^^^^^^^
  File "C:\Users\oussa\Documents\optimized_elearning_platform\.gguf_venv\Lib\site-packages\anyio\_backends\_asyncio.py", line 1033, in run
    result = context.run(func, *args)
             ^^^^^^^^^^^^^^^^^^^^^^^^
  File "C:\Users\oussa\Documents\optimized_elearning_platform\app\routers\chat.py", line 37, in chat
    context, sources = build_rag_context(
                       ^^^^^^^^^^^^^^^^^^
  File "C:\Users\oussa\Documents\optimized_elearning_platform\app\services\search.py", line 101, in build_rag_context
    chunks = search_similar_chunks(
             ^^^^^^^^^^^^^^^^^^^^^^
  File "C:\Users\oussa\Documents\optimized_elearning_platform\app\services\search.py", line 43, in search_similar_chunks
    embedding_model = load_embedding_model()
                      ^^^^^^^^^^^^^^^^^^^^^^
  File "C:\Users\oussa\Documents\optimized_elearning_platform\app\services\ingestion.py", line 71, in load_embedding_model
    print(f"Model loaded. Embedding dimension: {model.get_embedding_dimension()}")
                                                ^^^^^^^^^^^^^^^^^^^^^^^^^^^^^
  File "C:\Users\oussa\Documents\optimized_elearning_platform\.gguf_venv\Lib\site-packages\torch\nn\modules\module.py", line 1968, in __getattr__
    raise AttributeError(
AttributeError: 'SentenceTransformer' object has no attribute 'get_embedding_dimension'. Did you mean: 'get_sentence_embedding_dimension'?
INFO:     127.0.0.1:65283 - "GET /health HTTP/1.1" 200 OK
