12:53:10 INFO    IBLOG Training Data Generator
12:53:10 INFO    Model: hf.co/QuantFactory/Atlas-Chat-9B-GGUF:Q4_K_M | Target: 100 rows | Output: /kaggle/working/out_sample_gpu0
12:53:10 INFO    Loading manual files...
12:53:10 INFO    Loaded 4/4 manual files
12:53:10 INFO    Loading raw corpus...
12:53:10 INFO    Loaded 21 raw corpus documents
12:53:10 INFO      Corpus docs for industrial: 10
12:53:10 INFO      Corpus docs for securite: 5
12:53:10 INFO      Corpus docs for blockchain: 6
12:53:10 INFO    Component targets: {'socratic': 33, 'code_switching': 33, 'grounded_refusal': 27, 'general_preservation': 7}
12:53:10 INFO    Removed stale file: /kaggle/working/out_sample_gpu0/socratic_raw.jsonl
12:53:10 INFO    Component: socratic (target: 33 rows)
12:59:44 INFO    Generated 33 rows (attempts: 33, parse_failures: 0, salvaged: 0, transliterated: 32 = 97%, rejected_arabic: 0)
12:59:44 INFO    Component: code_switching (target: 33 rows)
13:02:58 INFO    Generated 33 rows (attempts: 33, parse_failures: 0, salvaged: 0, transliterated: 33 = 100%, rejected_arabic: 0)
13:02:58 INFO    Component: grounded_refusal (target: 27 rows)
13:05:29 INFO    Generated 28 rows (attempts: 12, parse_failures: 0, salvaged: 0, transliterated: 28 = 100%, rejected_arabic: 0)
13:05:29 INFO    Component: general_preservation (target: 7 rows)
13:06:03 INFO    Generated 7 rows (attempts: 7, parse_failures: 0, salvaged: 0, transliterated: 7 = 100%, rejected_arabic: 0)
13:06:03 INFO    Total rows before dedup: 101
13:06:13 INFO    NumExpr defaulting to 4 threads.
13:06:16 WARNING Dedup failed (keeping all rows): Could not load libtorchcodec. Likely causes:
          1. FFmpeg is not properly installed in your environment. We support
             versions 4, 5, 6, 7, and 8, and we attempt to load libtorchcodec
             for each of those versions. Errors for versions not installed on
             your system are expected; only the error for your installed FFmpeg
             version is relevant. On Windows, ensure you've installed the
             "full-shared" version which ships DLLs.
          2. The PyTorch version (2.11.0+cu130) is not compatible with
             this version of TorchCodec. Refer to the version compatibility
             table:
             https://github.com/pytorch/torchcodec?tab=readme-ov-file#installing-torchcodec.
          3. Another runtime dependency; see exceptions below.

        The following exceptions were raised as we tried to load libtorchcodec:
        
[start of libtorchcodec loading traceback]
FFmpeg version 8:
Traceback (most recent call last):
  File "/usr/local/lib/python3.12/dist-packages/torch/_ops.py", line 1503, in load_library
    ctypes.CDLL(path)
  File "/usr/lib/python3.12/ctypes/__init__.py", line 379, in __init__
    self._handle = _dlopen(self._name, mode)
                   ^^^^^^^^^^^^^^^^^^^^^^^^^
OSError: libnvrtc.so.13: cannot open shared object file: No such file or directory

The above exception was the direct cause of the following exception:

Traceback (most recent call last):
  File "/usr/local/lib/python3.12/dist-packages/torchcodec/_internally_replaced_utils.py", line 93, in load_torchcodec_shared_libraries
    torch.ops.load_library(core_library_path)
  File "/usr/local/lib/python3.12/dist-packages/torch/_ops.py", line 1505, in load_library
    raise OSError(f"Could not load this library: {path}") from e
OSError: Could not load this library: /usr/local/lib/python3.12/dist-packages/torchcodec/libtorchcodec_core8.so

FFmpeg version 7:
Traceback (most recent call last):
  File "/usr/local/lib/python3.12/dist-packages/torch/_ops.py", line 1503, in load_library
    ctypes.CDLL(path)
  File "/usr/lib/python3.12/ctypes/__init__.py", line 379, in __init__
    self._handle = _dlopen(self._name, mode)
                   ^^^^^^^^^^^^^^^^^^^^^^^^^
OSError: libnvrtc.so.13: cannot open shared object file: No such file or directory

The above exception was the direct cause of the following exception:

Traceback (most recent call last):
  File "/usr/local/lib/python3.12/dist-packages/torchcodec/_internally_replaced_utils.py", line 93, in load_torchcodec_shared_libraries
    torch.ops.load_library(core_library_path)
  File "/usr/local/lib/python3.12/dist-packages/torch/_ops.py", line 1505, in load_library
    raise OSError(f"Could not load this library: {path}") from e
OSError: Could not load this library: /usr/local/lib/python3.12/dist-packages/torchcodec/libtorchcodec_core7.so

FFmpeg version 6:
Traceback (most recent call last):
  File "/usr/local/lib/python3.12/dist-packages/torch/_ops.py", line 1503, in load_library
    ctypes.CDLL(path)
  File "/usr/lib/python3.12/ctypes/__init__.py", line 379, in __init__
    self._handle = _dlopen(self._name, mode)
                   ^^^^^^^^^^^^^^^^^^^^^^^^^
OSError: libnvrtc.so.13: cannot open shared object file: No such file or directory

The above exception was the direct cause of the following exception:

Traceback (most recent call last):
  File "/usr/local/lib/python3.12/dist-packages/torchcodec/_internally_replaced_utils.py", line 93, in load_torchcodec_shared_libraries
    torch.ops.load_library(core_library_path)
  File "/usr/local/lib/python3.12/dist-packages/torch/_ops.py", line 1505, in load_library
    raise OSError(f"Could not load this library: {path}") from e
OSError: Could not load this library: /usr/local/lib/python3.12/dist-packages/torchcodec/libtorchcodec_core6.so

FFmpeg version 5:
Traceback (most recent call last):
  File "/usr/local/lib/python3.12/dist-packages/torch/_ops.py", line 1503, in load_library
    ctypes.CDLL(path)
  File "/usr/lib/python3.12/ctypes/__init__.py", line 379, in __init__
    self._handle = _dlopen(self._name, mode)
                   ^^^^^^^^^^^^^^^^^^^^^^^^^
OSError: libnvrtc.so.13: cannot open shared object file: No such file or directory

The above exception was the direct cause of the following exception:

Traceback (most recent call last):
  File "/usr/local/lib/python3.12/dist-packages/torchcodec/_internally_replaced_utils.py", line 93, in load_torchcodec_shared_libraries
    torch.ops.load_library(core_library_path)
  File "/usr/local/lib/python3.12/dist-packages/torch/_ops.py", line 1505, in load_library
    raise OSError(f"Could not load this library: {path}") from e
OSError: Could not load this library: /usr/local/lib/python3.12/dist-packages/torchcodec/libtorchcodec_core5.so

FFmpeg version 4:
Traceback (most recent call last):
  File "/usr/local/lib/python3.12/dist-packages/torch/_ops.py", line 1503, in load_library
    ctypes.CDLL(path)
  File "/usr/lib/python3.12/ctypes/__init__.py", line 379, in __init__
    self._handle = _dlopen(self._name, mode)
                   ^^^^^^^^^^^^^^^^^^^^^^^^^
OSError: libnvrtc.so.13: cannot open shared object file: No such file or directory

The above exception was the direct cause of the following exception:

Traceback (most recent call last):
  File "/usr/local/lib/python3.12/dist-packages/torchcodec/_internally_replaced_utils.py", line 93, in load_torchcodec_shared_libraries
    torch.ops.load_library(core_library_path)
  File "/usr/local/lib/python3.12/dist-packages/torch/_ops.py", line 1505, in load_library
    raise OSError(f"Could not load this library: {path}") from e
OSError: Could not load this library: /usr/local/lib/python3.12/dist-packages/torchcodec/libtorchcodec_core4.so
[end of libtorchcodec loading traceback].
13:06:16 INFO    Splitting and exporting...
13:06:16 INFO    socratic: train=29, eval=4
13:06:16 INFO    code_switching: train=29, eval=4
13:06:16 INFO    grounded_refusal: train=25, eval=3
13:06:16 INFO    general_preservation: train=6, eval=1
13:06:16 INFO    Done! Train: /kaggle/working/out_sample_gpu0/train.jsonl (89 rows), Eval: /kaggle/working/out_sample_gpu0/eval.jsonl (12 rows), Stats: /kaggle/working/out_sample_gpu0/component_stats.json
